// Jest Snapshot v1, https://goo.gl/fbAQLP

exports[`<DataFileInput /> spec render should render the component 1`] = `
<div>
  <div
    class="inputDataField"
  >
    <input
      accept=".txt"
      class="inputDataField__input  srOnly"
      id="file-input"
      type="file"
    />
    <label
      class="inputDataField__label "
      for="file-input"
    >
      <span>
        Drag your input file here or click in this area
      </span>
      <div
        class="inputDataField__overlay"
      />
    </label>
  </div>
</div>
`;
