// Jest Snapshot v1, https://goo.gl/fbAQLP

exports[`<DataFileInput /> spec renders the component 1`] = `
<div>
  <div
    class="download__container"
  >
    <button
      class="download__button"
      disabled=""
      type="button"
    >
      Download this canvas
    </button>
  </div>
</div>
`;
