// Jest Snapshot v1, https://goo.gl/fbAQLP

exports[`<App /> spec renders the component 1`] = `
<div>
  <main>
    <h1>
      Canvas App
    </h1>
    <form
      class="inputForm"
      id="file-input-form"
    >
      <div
        class="inputDataField"
      >
        <input
          accept=".txt"
          class="inputDataField__input  srOnly"
          id="file-input"
          type="file"
        />
        <label
          class="inputDataField__label "
          for="file-input"
        >
          <span>
            Drag your input file here or click in this area
          </span>
          <div
            class="inputDataField__overlay"
          />
        </label>
      </div>
      <div
        class="download__container"
      >
        <button
          class="download__button"
          disabled=""
          type="button"
        >
          Download this canvas
        </button>
      </div>
      <div
        class="preview__container"
      >
        <div
          class="preview__area"
        >
          <pre>
            There is no data yet
          </pre>
        </div>
      </div>
    </form>
  </main>
</div>
`;
