// Jest Snapshot v1, https://goo.gl/fbAQLP

exports[`<App /> spec renders the component 1`] = `
<div>
  <main>
    <h1>
      Canvas App
    </h1>
    <form
      class="inputForm"
      id="file-input-form"
    >
      <div
        class="inputDataField"
      >
        <input
          accept=".txt"
          class="inputDataField__input  srOnly"
          id="file-input"
          type="file"
        />
        <label
          class="inputDataField__label"
          for="file-input"
        >
          <span>
            Drag your input file here or click in this area
          </span>
          <div
            class="inputDataField__overlay"
          />
        </label>
      </div>
      <div
        class="download__container"
      >
        <a
          class="download__button"
          href="/"
        >
          Download this canvas
        </a>
      </div>
      <div
        class="preview__container"
      >
        <div
          class="spinner"
          style="position: absolute; top: 50%; left: 50%; transform: translate(-50%, -50%);"
        >
          <div
            style="transform: rotate(0deg); animation-delay: -1.1s;"
          />
          <div
            style="transform: rotate(30deg); animation-delay: -1s;"
          />
          <div
            style="transform: rotate(60deg); animation-delay: -0.9000000000000001s;"
          />
          <div
            style="transform: rotate(90deg); animation-delay: -0.8s;"
          />
          <div
            style="transform: rotate(120deg); animation-delay: -0.7000000000000001s;"
          />
          <div
            style="transform: rotate(150deg); animation-delay: -0.6000000000000001s;"
          />
          <div
            style="transform: rotate(180deg); animation-delay: -0.5s;"
          />
          <div
            style="transform: rotate(210deg); animation-delay: -0.4s;"
          />
          <div
            style="transform: rotate(240deg); animation-delay: -0.30000000000000004s;"
          />
          <div
            style="transform: rotate(270deg); animation-delay: -0.20000000000000007s;"
          />
          <div
            style="transform: rotate(300deg); animation-delay: -0.10000000000000009s;"
          />
          <div
            style="transform: rotate(330deg); animation-delay: 0s;"
          />
        </div>
        <textarea
          class="preview__area"
          readonly=""
        />
      </div>
    </form>
  </main>
</div>
`;
